// Jest Snapshot v1, https://goo.gl/fbAQLP

exports[`ic-breadcrumb should render with icon: 
      <ic-breadcrumb current="true" href="/" page-title="foo" aria-current="page" role="listitem">
        <mock:shadow-root>
          <div class="breadcrumb">
            <span aria-hidden="true" class="chevron">
              svg
            </span>
            <span class="current-page-container">
              <slot name="icon"></slot>
              foo
            </span>
          </div>
        </mock:shadow-root>
        <svg fill="none" height="24" slot="icon" viewBox="0 0 24 24" width="24" xmlns="http://www.w3.org/2000/svg">
          <path d="M12 6.19L17 10.69V18.5H15V12.5H9V18.5H7V10.69L12 6.19ZM12 3.5L2 12.5H5V20.5H11V14.5H13V20.5H19V12.5H22L12 3.5Z" fill="currentColor"></path>
        </svg>
      </ic-breadcrumb>
     1`] = `
<ic-breadcrumb aria-current="page" current="true" href="/" page-title="foo" role="listitem">
  <mock:shadow-root>
    <div class="breadcrumb">
      <span aria-hidden="true" class="chevron">
        svg
      </span>
      <span class="current-page-container">
        <slot name="icon"></slot>
        foo
      </span>
    </div>
  </mock:shadow-root>
  <svg fill="none" height="24" slot="icon" viewBox="0 0 24 24" width="24" xmlns="http://www.w3.org/2000/svg">
    <path d="M12 6.19L17 10.69V18.5H15V12.5H9V18.5H7V10.69L12 6.19ZM12 3.5L2 12.5H5V20.5H11V14.5H13V20.5H19V12.5H22L12 3.5Z" fill="currentColor"></path>
  </svg>
</ic-breadcrumb>
`;

exports[`ic-breadcrumb should render with page-title and href: 
      <ic-breadcrumb href="/" page-title="foo" role="listitem">
        <mock:shadow-root>
          <div class="breadcrumb">
            <span aria-hidden="true" class="chevron">
              svg
            </span>
            <ic-link theme="inherit" class="breadcrumb-link" href="/">
              foo
            </ic-link>
          </div>
        </mock:shadow-root>
      </ic-breadcrumb>
     1`] = `
<ic-breadcrumb href="/" page-title="foo" role="listitem">
  <mock:shadow-root>
    <div class="breadcrumb">
      <span aria-hidden="true" class="chevron">
        svg
      </span>
      <ic-link class="breadcrumb-link" href="/" theme="inherit">
        foo
      </ic-link>
    </div>
  </mock:shadow-root>
</ic-breadcrumb>
`;

exports[`ic-breadcrumb should render with page-title, href, current: 
      <ic-breadcrumb current="true" href="/" page-title="foo" role="listitem" aria-current="page">
        <mock:shadow-root>
          <div class="breadcrumb">
            <span aria-hidden="true" class="chevron">
              svg
            </span>
            <span class="current-page-container">
              foo
            </span>
          </div>
        </mock:shadow-root>
      </ic-breadcrumb>
     1`] = `
<ic-breadcrumb aria-current="page" current="true" href="/" page-title="foo" role="listitem">
  <mock:shadow-root>
    <div class="breadcrumb">
      <span aria-hidden="true" class="chevron">
        svg
      </span>
      <span class="current-page-container">
        foo
      </span>
    </div>
  </mock:shadow-root>
</ic-breadcrumb>
`;

exports[`ic-breadcrumb should render: 
      <ic-breadcrumb role="listitem">
        <mock:shadow-root>
          <div class="breadcrumb">
            <span aria-hidden="true" class="chevron">
              svg
            </span>
            <span class="link-wrapper" tabindex="0">
              <slot></slot>
            </span>
          </div>
        </mock:shadow-root>
      </ic-breadcrumb>
     1`] = `
<ic-breadcrumb role="listitem">
  <mock:shadow-root>
    <div class="breadcrumb">
      <span aria-hidden="true" class="chevron">
        svg
      </span>
      <div class="slotted-link-container">
        <span class="link-wrapper" tabindex="0">
          <slot></slot>
        </span>
      </div>
    </div>
  </mock:shadow-root>
</ic-breadcrumb>
`;
